// Jest Snapshot v1, https://goo.gl/fbAQLP

exports[`expect to render chart component 1`] = `
ShallowWrapper {
  Symbol(enzyme.__root__): [Circular],
  Symbol(enzyme.__unrendered__): <_default />,
  Symbol(enzyme.__renderer__): Object {
    "batchedUpdates": [Function],
    "getNode": [Function],
    "render": [Function],
    "simulateError": [Function],
    "simulateEvent": [Function],
    "unmount": [Function],
  },
  Symbol(enzyme.__node__): Object {
    "instance": null,
    "key": undefined,
    "nodeType": "host",
    "props": Object {
      "children": <Sparklines
        data={Array []}
        height={100}
        margin={2}
        preserveAspectRatio="none"
        width={150}
      >
        <SparklinesLine
          onMouseMove={[Function]}
          style={Object {}}
        />
      </Sparklines>,
    },
    "ref": null,
    "rendered": Object {
      "instance": null,
      "key": undefined,
      "nodeType": "class",
      "props": Object {
        "children": <SparklinesLine
          onMouseMove={[Function]}
          style={Object {}}
        />,
        "data": Array [],
        "height": 100,
        "margin": 2,
        "preserveAspectRatio": "none",
        "width": 150,
      },
      "ref": null,
      "rendered": Object {
        "instance": null,
        "key": undefined,
        "nodeType": "class",
        "props": Object {
          "color": undefined,
          "onMouseMove": [Function],
          "style": Object {},
        },
        "ref": null,
        "rendered": null,
        "type": [Function],
      },
      "type": [Function],
    },
    "type": "div",
  },
  Symbol(enzyme.__nodes__): Array [
    Object {
      "instance": null,
      "key": undefined,
      "nodeType": "host",
      "props": Object {
        "children": <Sparklines
          data={Array []}
          height={100}
          margin={2}
          preserveAspectRatio="none"
          width={150}
        >
          <SparklinesLine
            onMouseMove={[Function]}
            style={Object {}}
          />
        </Sparklines>,
      },
      "ref": null,
      "rendered": Object {
        "instance": null,
        "key": undefined,
        "nodeType": "class",
        "props": Object {
          "children": <SparklinesLine
            onMouseMove={[Function]}
            style={Object {}}
          />,
          "data": Array [],
          "height": 100,
          "margin": 2,
          "preserveAspectRatio": "none",
          "width": 150,
        },
        "ref": null,
        "rendered": Object {
          "instance": null,
          "key": undefined,
          "nodeType": "class",
          "props": Object {
            "color": undefined,
            "onMouseMove": [Function],
            "style": Object {},
          },
          "ref": null,
          "rendered": null,
          "type": [Function],
        },
        "type": [Function],
      },
      "type": "div",
    },
  ],
  Symbol(enzyme.__options__): Object {
    "adapter": ReactSixteenAdapter {
      "options": Object {
        "enableComponentDidUpdateOnSetState": true,
        "lifecycles": Object {
          "componentDidUpdate": Object {
            "onSetState": true,
          },
          "getDerivedStateFromProps": true,
          "getSnapshotBeforeUpdate": true,
          "setState": Object {
            "skipsComponentDidUpdateOnNullish": true,
          },
        },
      },
    },
  },
}
`;
